train/img/21_training.tif train/label/21_manual1.tif
train/img/22_training.tif train/label/22_manual1.tif
train/img/23_training.tif train/label/23_manual1.tif
train/img/24_training.tif train/label/24_manual1.tif
train/img/25_training.tif train/label/25_manual1.tif
train/img/26_training.tif train/label/26_manual1.tif
train/img/27_training.tif train/label/27_manual1.tif
train/img/28_training.tif train/label/28_manual1.tif
train/img/29_training.tif train/label/29_manual1.tif
train/img/30_training.tif train/label/30_manual1.tif
train/img/31_training.tif train/label/31_manual1.tif
train/img/32_training.tif train/label/32_manual1.tif
train/img/33_training.tif train/label/33_manual1.tif
train/img/34_training.tif train/label/34_manual1.tif
train/img/35_training.tif train/label/35_manual1.tif
train/img/36_training.tif train/label/36_manual1.tif
train/img/37_training.tif train/label/37_manual1.tif
train/img/38_training.tif train/label/38_manual1.tif
train/img/39_training.tif train/label/39_manual1.tif
train/img/40_training.tif train/label/40_manual1.tif
train/img_90/21_training.tif train/label_90/21_manual1.tif
train/img_90/22_training.tif train/label_90/22_manual1.tif
train/img_90/23_training.tif train/label_90/23_manual1.tif
train/img_90/24_training.tif train/label_90/24_manual1.tif
train/img_90/25_training.tif train/label_90/25_manual1.tif
train/img_90/26_training.tif train/label_90/26_manual1.tif
train/img_90/27_training.tif train/label_90/27_manual1.tif
train/img_90/28_training.tif train/label_90/28_manual1.tif
train/img_90/29_training.tif train/label_90/29_manual1.tif
train/img_90/30_training.tif train/label_90/30_manual1.tif
train/img_90/31_training.tif train/label_90/31_manual1.tif
train/img_90/32_training.tif train/label_90/32_manual1.tif
train/img_90/33_training.tif train/label_90/33_manual1.tif
train/img_90/34_training.tif train/label_90/34_manual1.tif
train/img_90/35_training.tif train/label_90/35_manual1.tif
train/img_90/36_training.tif train/label_90/36_manual1.tif
train/img_90/37_training.tif train/label_90/37_manual1.tif
train/img_90/38_training.tif train/label_90/38_manual1.tif
train/img_90/39_training.tif train/label_90/39_manual1.tif
train/img_90/40_training.tif train/label_90/40_manual1.tif
train/img_180/21_training.tif train/label_180/21_manual1.tif
train/img_180/22_training.tif train/label_180/22_manual1.tif
train/img_180/23_training.tif train/label_180/23_manual1.tif
train/img_180/24_training.tif train/label_180/24_manual1.tif
train/img_180/25_training.tif train/label_180/25_manual1.tif
train/img_180/26_training.tif train/label_180/26_manual1.tif
train/img_180/27_training.tif train/label_180/27_manual1.tif
train/img_180/28_training.tif train/label_180/28_manual1.tif
train/img_180/29_training.tif train/label_180/29_manual1.tif
train/img_180/30_training.tif train/label_180/30_manual1.tif
train/img_180/31_training.tif train/label_180/31_manual1.tif
train/img_180/32_training.tif train/label_180/32_manual1.tif
train/img_180/33_training.tif train/label_180/33_manual1.tif
train/img_180/34_training.tif train/label_180/34_manual1.tif
train/img_180/35_training.tif train/label_180/35_manual1.tif
train/img_180/36_training.tif train/label_180/36_manual1.tif
train/img_180/37_training.tif train/label_180/37_manual1.tif
train/img_180/38_training.tif train/label_180/38_manual1.tif
train/img_180/39_training.tif train/label_180/39_manual1.tif
train/img_180/40_training.tif train/label_180/40_manual1.tif
train/img_270/21_training.tif train/label_270/21_manual1.tif
train/img_270/22_training.tif train/label_270/22_manual1.tif
train/img_270/23_training.tif train/label_270/23_manual1.tif
train/img_270/24_training.tif train/label_270/24_manual1.tif
train/img_270/25_training.tif train/label_270/25_manual1.tif
train/img_270/26_training.tif train/label_270/26_manual1.tif
train/img_270/27_training.tif train/label_270/27_manual1.tif
train/img_270/28_training.tif train/label_270/28_manual1.tif
train/img_270/29_training.tif train/label_270/29_manual1.tif
train/img_270/30_training.tif train/label_270/30_manual1.tif
train/img_270/31_training.tif train/label_270/31_manual1.tif
train/img_270/32_training.tif train/label_270/32_manual1.tif
train/img_270/33_training.tif train/label_270/33_manual1.tif
train/img_270/34_training.tif train/label_270/34_manual1.tif
train/img_270/35_training.tif train/label_270/35_manual1.tif
train/img_270/36_training.tif train/label_270/36_manual1.tif
train/img_270/37_training.tif train/label_270/37_manual1.tif
train/img_270/38_training.tif train/label_270/38_manual1.tif
train/img_270/39_training.tif train/label_270/39_manual1.tif
train/img_270/40_training.tif train/label_270/40_manual1.tif
train/img_m1/21_training.tif train/label_m1/21_manual1.tif
train/img_m1/22_training.tif train/label_m1/22_manual1.tif
train/img_m1/23_training.tif train/label_m1/23_manual1.tif
train/img_m1/24_training.tif train/label_m1/24_manual1.tif
train/img_m1/25_training.tif train/label_m1/25_manual1.tif
train/img_m1/26_training.tif train/label_m1/26_manual1.tif
train/img_m1/27_training.tif train/label_m1/27_manual1.tif
train/img_m1/28_training.tif train/label_m1/28_manual1.tif
train/img_m1/29_training.tif train/label_m1/29_manual1.tif
train/img_m1/30_training.tif train/label_m1/30_manual1.tif
train/img_m1/31_training.tif train/label_m1/31_manual1.tif
train/img_m1/32_training.tif train/label_m1/32_manual1.tif
train/img_m1/33_training.tif train/label_m1/33_manual1.tif
train/img_m1/34_training.tif train/label_m1/34_manual1.tif
train/img_m1/35_training.tif train/label_m1/35_manual1.tif
train/img_m1/36_training.tif train/label_m1/36_manual1.tif
train/img_m1/37_training.tif train/label_m1/37_manual1.tif
train/img_m1/38_training.tif train/label_m1/38_manual1.tif
train/img_m1/39_training.tif train/label_m1/39_manual1.tif
train/img_m1/40_training.tif train/label_m1/40_manual1.tif
train/img_m2/21_training.tif train/label_m2/21_manual1.tif
train/img_m2/22_training.tif train/label_m2/22_manual1.tif
train/img_m2/23_training.tif train/label_m2/23_manual1.tif
train/img_m2/24_training.tif train/label_m2/24_manual1.tif
train/img_m2/25_training.tif train/label_m2/25_manual1.tif
train/img_m2/26_training.tif train/label_m2/26_manual1.tif
train/img_m2/27_training.tif train/label_m2/27_manual1.tif
train/img_m2/28_training.tif train/label_m2/28_manual1.tif
train/img_m2/29_training.tif train/label_m2/29_manual1.tif
train/img_m2/30_training.tif train/label_m2/30_manual1.tif
train/img_m2/31_training.tif train/label_m2/31_manual1.tif
train/img_m2/32_training.tif train/label_m2/32_manual1.tif
train/img_m2/33_training.tif train/label_m2/33_manual1.tif
train/img_m2/34_training.tif train/label_m2/34_manual1.tif
train/img_m2/35_training.tif train/label_m2/35_manual1.tif
train/img_m2/36_training.tif train/label_m2/36_manual1.tif
train/img_m2/37_training.tif train/label_m2/37_manual1.tif
train/img_m2/38_training.tif train/label_m2/38_manual1.tif
train/img_m2/39_training.tif train/label_m2/39_manual1.tif
train/img_m2/40_training.tif train/label_m2/40_manual1.tif
train/img_22/21_training.tif train/label_22/21_manual1.tif
train/img_22/22_training.tif train/label_22/22_manual1.tif
train/img_22/23_training.tif train/label_22/23_manual1.tif
train/img_22/24_training.tif train/label_22/24_manual1.tif
train/img_22/25_training.tif train/label_22/25_manual1.tif
train/img_22/26_training.tif train/label_22/26_manual1.tif
train/img_22/27_training.tif train/label_22/27_manual1.tif
train/img_22/28_training.tif train/label_22/28_manual1.tif
train/img_22/29_training.tif train/label_22/29_manual1.tif
train/img_22/30_training.tif train/label_22/30_manual1.tif
train/img_22/31_training.tif train/label_22/31_manual1.tif
train/img_22/32_training.tif train/label_22/32_manual1.tif
train/img_22/33_training.tif train/label_22/33_manual1.tif
train/img_22/34_training.tif train/label_22/34_manual1.tif
train/img_22/35_training.tif train/label_22/35_manual1.tif
train/img_22/36_training.tif train/label_22/36_manual1.tif
train/img_22/37_training.tif train/label_22/37_manual1.tif
train/img_22/38_training.tif train/label_22/38_manual1.tif
train/img_22/39_training.tif train/label_22/39_manual1.tif
train/img_22/40_training.tif train/label_22/40_manual1.tif
train/img_45/21_training.tif train/label_45/21_manual1.tif
train/img_45/22_training.tif train/label_45/22_manual1.tif
train/img_45/23_training.tif train/label_45/23_manual1.tif
train/img_45/24_training.tif train/label_45/24_manual1.tif
train/img_45/25_training.tif train/label_45/25_manual1.tif
train/img_45/26_training.tif train/label_45/26_manual1.tif
train/img_45/27_training.tif train/label_45/27_manual1.tif
train/img_45/28_training.tif train/label_45/28_manual1.tif
train/img_45/29_training.tif train/label_45/29_manual1.tif
train/img_45/30_training.tif train/label_45/30_manual1.tif
train/img_45/31_training.tif train/label_45/31_manual1.tif
train/img_45/32_training.tif train/label_45/32_manual1.tif
train/img_45/33_training.tif train/label_45/33_manual1.tif
train/img_45/34_training.tif train/label_45/34_manual1.tif
train/img_45/35_training.tif train/label_45/35_manual1.tif
train/img_45/36_training.tif train/label_45/36_manual1.tif
train/img_45/37_training.tif train/label_45/37_manual1.tif
train/img_45/38_training.tif train/label_45/38_manual1.tif
train/img_45/39_training.tif train/label_45/39_manual1.tif
train/img_45/40_training.tif train/label_45/40_manual1.tif
train/img_135/21_training.tif train/label_135/21_manual1.tif
train/img_135/22_training.tif train/label_135/22_manual1.tif
train/img_135/23_training.tif train/label_135/23_manual1.tif
train/img_135/24_training.tif train/label_135/24_manual1.tif
train/img_135/25_training.tif train/label_135/25_manual1.tif
train/img_135/26_training.tif train/label_135/26_manual1.tif
train/img_135/27_training.tif train/label_135/27_manual1.tif
train/img_135/28_training.tif train/label_135/28_manual1.tif
train/img_135/29_training.tif train/label_135/29_manual1.tif
train/img_135/30_training.tif train/label_135/30_manual1.tif
train/img_135/31_training.tif train/label_135/31_manual1.tif
train/img_135/32_training.tif train/label_135/32_manual1.tif
train/img_135/33_training.tif train/label_135/33_manual1.tif
train/img_135/34_training.tif train/label_135/34_manual1.tif
train/img_135/35_training.tif train/label_135/35_manual1.tif
train/img_135/36_training.tif train/label_135/36_manual1.tif
train/img_135/37_training.tif train/label_135/37_manual1.tif
train/img_135/38_training.tif train/label_135/38_manual1.tif
train/img_135/39_training.tif train/label_135/39_manual1.tif
train/img_135/40_training.tif train/label_135/40_manual1.tif
train/img_225/21_training.tif train/label_225/21_manual1.tif
train/img_225/22_training.tif train/label_225/22_manual1.tif
train/img_225/23_training.tif train/label_225/23_manual1.tif
train/img_225/24_training.tif train/label_225/24_manual1.tif
train/img_225/25_training.tif train/label_225/25_manual1.tif
train/img_225/26_training.tif train/label_225/26_manual1.tif
train/img_225/27_training.tif train/label_225/27_manual1.tif
train/img_225/28_training.tif train/label_225/28_manual1.tif
train/img_225/29_training.tif train/label_225/29_manual1.tif
train/img_225/30_training.tif train/label_225/30_manual1.tif
train/img_225/31_training.tif train/label_225/31_manual1.tif
train/img_225/32_training.tif train/label_225/32_manual1.tif
train/img_225/33_training.tif train/label_225/33_manual1.tif
train/img_225/34_training.tif train/label_225/34_manual1.tif
train/img_225/35_training.tif train/label_225/35_manual1.tif
train/img_225/36_training.tif train/label_225/36_manual1.tif
train/img_225/37_training.tif train/label_225/37_manual1.tif
train/img_225/38_training.tif train/label_225/38_manual1.tif
train/img_225/39_training.tif train/label_225/39_manual1.tif
train/img_225/40_training.tif train/label_225/40_manual1.tif
train/img_315/21_training.tif train/label_315/21_manual1.tif
train/img_315/22_training.tif train/label_315/22_manual1.tif
train/img_315/23_training.tif train/label_315/23_manual1.tif
train/img_315/24_training.tif train/label_315/24_manual1.tif
train/img_315/25_training.tif train/label_315/25_manual1.tif
train/img_315/26_training.tif train/label_315/26_manual1.tif
train/img_315/27_training.tif train/label_315/27_manual1.tif
train/img_315/28_training.tif train/label_315/28_manual1.tif
train/img_315/29_training.tif train/label_315/29_manual1.tif
train/img_315/30_training.tif train/label_315/30_manual1.tif
train/img_315/31_training.tif train/label_315/31_manual1.tif
train/img_315/32_training.tif train/label_315/32_manual1.tif
train/img_315/33_training.tif train/label_315/33_manual1.tif
train/img_315/34_training.tif train/label_315/34_manual1.tif
train/img_315/35_training.tif train/label_315/35_manual1.tif
train/img_315/36_training.tif train/label_315/36_manual1.tif
train/img_315/37_training.tif train/label_315/37_manual1.tif
train/img_315/38_training.tif train/label_315/38_manual1.tif
train/img_315/39_training.tif train/label_315/39_manual1.tif
train/img_315/40_training.tif train/label_315/40_manual1.tif
